src/app/(public)/apply/[sessionId]/page.tsx(15,13): error TS2339: Property 'set' does not exist on type 'InterviewState'.
src/app/(recruiter)/dashboard/page.tsx(5,32): error TS2307: Cannot find module '@/components/providers/AuthProvider' or its corresponding type declarations.
src/app/(recruiter)/dashboard/page.tsx(36,37): error TS2339: Property 'created_at' does not exist on type '{ id: string; }'.
src/app/(recruiter)/dashboard/page.tsx(37,37): error TS2339: Property 'created_at' does not exist on type '{ id: string; }'.
src/app/(recruiter)/interviews/page.tsx(6,32): error TS2307: Cannot find module '@/components/providers/AuthProvider' or its corresponding type declarations.
src/app/(recruiter)/interviews/page.tsx(35,33): error TS2339: Property 'created_at' does not exist on type '{ id: string; }'.
src/app/(recruiter)/interviews/page.tsx(36,33): error TS2339: Property 'created_at' does not exist on type '{ id: string; }'.
src/components/dashboard/CreateInterviewModal.tsx(5,32): error TS2307: Cannot find module '@/components/providers/AuthProvider' or its corresponding type declarations.
